2026-03-04 09:17:32: 2026/03/04 09:17:32 [mail] smtp.host=smtp.gmail.com
2026-03-04 09:17:32: 2026/03/04 09:17:32 [mail] smtp.port=587
2026-03-04 09:17:32: 2026/03/04 09:17:32 [mail] smtp.user=asset@ipmi.ac.id
2026-03-04 09:17:32: 2026/03/04 09:17:32 [mail] smtp.from=asset@ipmi.ac.id
2026-03-04 09:17:32: 2026/03/04 09:17:32 [mail] smtp.pass length=19 (len=19 chars)
2026-03-04 09:17:36: 2026/03/04 09:17:36 [mail] SUCCESS sent to admin@assethub.com
2026-03-04 09:17:53: 2026/03/04 09:17:53 [mail] smtp.host=smtp.gmail.com
2026-03-04 09:17:53: 2026/03/04 09:17:53 [mail] smtp.port=587
2026-03-04 09:17:53: 2026/03/04 09:17:53 [mail] smtp.user=asset@ipmi.ac.id
2026-03-04 09:17:53: 2026/03/04 09:17:53 [mail] smtp.from=asset@ipmi.ac.id
2026-03-04 09:17:53: 2026/03/04 09:17:53 [mail] smtp.pass length=19 (len=19 chars)
2026-03-04 09:17:56: 2026/03/04 09:17:56 [mail] SUCCESS sent to admin@assethub.com
2026-03-04 09:18:05: 2026/03/04 09:18:05 [mail] smtp.host=smtp.gmail.com
2026-03-04 09:18:05: 2026/03/04 09:18:05 [mail] smtp.port=587
2026-03-04 09:18:05: 2026/03/04 09:18:05 [mail] smtp.user=asset@ipmi.ac.id
2026-03-04 09:18:05: 2026/03/04 09:18:05 [mail] smtp.from=asset@ipmi.ac.id
2026-03-04 09:18:05: 2026/03/04 09:18:05 [mail] smtp.pass length=19 (len=19 chars)
2026-03-04 09:18:08: 2026/03/04 09:18:08 [mail] SUCCESS sent to admin@assethub.com
2026-03-04 09:20:53: 2026/03/04 09:20:53 [mail] smtp.host=smtp.gmail.com
2026-03-04 09:20:53: 2026/03/04 09:20:53 [mail] smtp.port=587
2026-03-04 09:20:53: 2026/03/04 09:20:53 [mail] smtp.user=asset@ipmi.ac.id
2026-03-04 09:20:53: 2026/03/04 09:20:53 [mail] smtp.from=asset@ipmi.ac.id
2026-03-04 09:20:53: 2026/03/04 09:20:53 [mail] smtp.pass length=19 (len=19 chars)
2026-03-04 09:20:56: 2026/03/04 09:20:56 [mail] SUCCESS sent to ichwan@ipmi.ac.id
2026-04-22 08:19:05: 2026/04/22 08:19:05 [mail] smtp.host=smtp.gmail.com
2026-04-22 08:19:05: 2026/04/22 08:19:05 [mail] smtp.port=587
2026-04-22 08:19:05: 2026/04/22 08:19:05 [mail] smtp.user=asset@ipmi.ac.id
2026-04-22 08:19:05: 2026/04/22 08:19:05 [mail] smtp.from=asset@ipmi.ac.id
2026-04-22 08:19:05: 2026/04/22 08:19:05 [mail] smtp.pass length=19 (len=19 chars)
2026-04-22 08:19:09: 2026/04/22 08:19:09 [mail] SUCCESS sent to ichwan@ipmi.ac.id
